// Jest Snapshot v1, https://goo.gl/fbAQLP

exports[`#fetchOrganizationMembers should collect data: jobState 1`] = `
Object {
  "collectedEntities": Array [
    Object {
      "_class": Array [
        "User",
      ],
      "_key": "user-dtoAE5LXupfvycjK",
      "_rawData": Array [
        Object {
          "name": "default",
          "rawData": Object {
            "avatarUrl": "https://www.gravatar.com/avatar/1941eaaff412c1a04cfd4166bfd66371?s=100&d=mm",
            "email": "austin.kelleher@jupiterone.com",
            "isServiceAccount": false,
            "permissions": Object {
              "canChangeEmail": true,
              "canChangeUsername": true,
              "canCreateOrganizations": true,
              "canManageUserTokens": true,
            },
            "twoFactor": Object {
              "enabled": false,
              "verified": false,
            },
            "username": "austinkelleher-jupiterone",
          },
        },
      ],
      "_type": "tfe_user",
      "avatarUrl": "https://www.gravatar.com/avatar/1941eaaff412c1a04cfd4166bfd66371?s=100&d=mm",
      "createdOn": undefined,
      "displayName": "austinkelleher-jupiterone",
      "email": "austin.kelleher@jupiterone.com",
      "id": "user-dtoAE5LXupfvycjK",
      "isServiceAccount": false,
      "mfaEnabled": false,
      "mfaVerified": false,
      "name": "austinkelleher-jupiterone",
      "permissions.canChangeEmail": true,
      "permissions.canChangeUsername": true,
      "permissions.canCreateOrganizations": true,
      "permissions.canManageUserTokens": true,
      "username": "austinkelleher-jupiterone",
    },
    Object {
      "_class": Array [
        "User",
      ],
      "_key": "user-HMyUEwhb3mB45HZ7",
      "_rawData": Array [
        Object {
          "name": "default",
          "rawData": Object {
            "avatarUrl": "https://www.gravatar.com/avatar/4cdbb2e21e2d991b0dd11d9a38c2c660?s=100&d=mm",
            "email": "nick.dowmon@jupiterone.com",
            "isServiceAccount": false,
            "permissions": Object {
              "canChangeEmail": true,
              "canChangeUsername": true,
              "canCreateOrganizations": true,
              "canManageUserTokens": false,
            },
            "twoFactor": Object {
              "enabled": false,
              "verified": false,
            },
            "username": "ndowmon",
          },
        },
      ],
      "_type": "tfe_user",
      "avatarUrl": "https://www.gravatar.com/avatar/4cdbb2e21e2d991b0dd11d9a38c2c660?s=100&d=mm",
      "createdOn": undefined,
      "displayName": "ndowmon",
      "email": "nick.dowmon@jupiterone.com",
      "id": "user-HMyUEwhb3mB45HZ7",
      "isServiceAccount": false,
      "mfaEnabled": false,
      "mfaVerified": false,
      "name": "ndowmon",
      "permissions.canChangeEmail": true,
      "permissions.canChangeUsername": true,
      "permissions.canCreateOrganizations": true,
      "permissions.canManageUserTokens": false,
      "username": "ndowmon",
    },
    Object {
      "_class": Array [
        "User",
      ],
      "_key": "user-2yZJWZGNJmNsidGK",
      "_rawData": Array [
        Object {
          "name": "default",
          "rawData": Object {
            "avatarUrl": "https://www.gravatar.com/avatar/6bf8d79d3b1d6d34a9d69f62cd09d20a?s=100&d=mm",
            "email": "pgilaga@gmail.com",
            "isServiceAccount": false,
            "permissions": Object {
              "canChangeEmail": true,
              "canChangeUsername": true,
              "canCreateOrganizations": true,
              "canManageUserTokens": false,
            },
            "twoFactor": Object {
              "enabled": false,
              "verified": false,
            },
            "username": "pgilaga",
          },
        },
      ],
      "_type": "tfe_user",
      "avatarUrl": "https://www.gravatar.com/avatar/6bf8d79d3b1d6d34a9d69f62cd09d20a?s=100&d=mm",
      "createdOn": undefined,
      "displayName": "pgilaga",
      "email": "pgilaga@gmail.com",
      "id": "user-2yZJWZGNJmNsidGK",
      "isServiceAccount": false,
      "mfaEnabled": false,
      "mfaVerified": false,
      "name": "pgilaga",
      "permissions.canChangeEmail": true,
      "permissions.canChangeUsername": true,
      "permissions.canCreateOrganizations": true,
      "permissions.canManageUserTokens": false,
      "username": "pgilaga",
    },
    Object {
      "_class": Array [
        "User",
      ],
      "_key": "user-qZQNfnC19eG6Ameo",
      "_rawData": Array [
        Object {
          "name": "default",
          "rawData": Object {
            "avatarUrl": "https://www.gravatar.com/avatar/5a764b0f770a7bfe74cdc94afea04ed6?s=100&d=mm",
            "email": "stefan@creativice.com",
            "isServiceAccount": false,
            "permissions": Object {
              "canChangeEmail": true,
              "canChangeUsername": true,
              "canCreateOrganizations": true,
              "canManageUserTokens": false,
            },
            "twoFactor": Object {
              "enabled": false,
              "verified": false,
            },
            "username": "stefan-creativice",
          },
        },
      ],
      "_type": "tfe_user",
      "avatarUrl": "https://www.gravatar.com/avatar/5a764b0f770a7bfe74cdc94afea04ed6?s=100&d=mm",
      "createdOn": undefined,
      "displayName": "stefan-creativice",
      "email": "stefan@creativice.com",
      "id": "user-qZQNfnC19eG6Ameo",
      "isServiceAccount": false,
      "mfaEnabled": false,
      "mfaVerified": false,
      "name": "stefan-creativice",
      "permissions.canChangeEmail": true,
      "permissions.canChangeUsername": true,
      "permissions.canCreateOrganizations": true,
      "permissions.canManageUserTokens": false,
      "username": "stefan-creativice",
    },
  ],
  "collectedRelationships": Array [
    Object {
      "_class": "HAS",
      "_fromEntityKey": "org-Ljx2Ap3vszNhHWWv",
      "_key": "org-Ljx2Ap3vszNhHWWv|has|user-dtoAE5LXupfvycjK",
      "_toEntityKey": "user-dtoAE5LXupfvycjK",
      "_type": "tfe_organization_has_user",
      "displayName": "HAS",
      "status": "active",
    },
    Object {
      "_class": "HAS",
      "_fromEntityKey": "org-X2NET8eXZP36vxN7",
      "_key": "org-X2NET8eXZP36vxN7|has|user-dtoAE5LXupfvycjK",
      "_toEntityKey": "user-dtoAE5LXupfvycjK",
      "_type": "tfe_organization_has_user",
      "displayName": "HAS",
      "status": "active",
    },
    Object {
      "_class": "HAS",
      "_fromEntityKey": "org-yMai1ZUhS39WMAU9",
      "_key": "org-yMai1ZUhS39WMAU9|has|user-dtoAE5LXupfvycjK",
      "_toEntityKey": "user-dtoAE5LXupfvycjK",
      "_type": "tfe_organization_has_user",
      "displayName": "HAS",
      "status": "active",
    },
    Object {
      "_class": "HAS",
      "_fromEntityKey": "org-yMai1ZUhS39WMAU9",
      "_key": "org-yMai1ZUhS39WMAU9|has|user-HMyUEwhb3mB45HZ7",
      "_toEntityKey": "user-HMyUEwhb3mB45HZ7",
      "_type": "tfe_organization_has_user",
      "displayName": "HAS",
      "status": "active",
    },
    Object {
      "_class": "HAS",
      "_fromEntityKey": "org-yMai1ZUhS39WMAU9",
      "_key": "org-yMai1ZUhS39WMAU9|has|user-2yZJWZGNJmNsidGK",
      "_toEntityKey": "user-2yZJWZGNJmNsidGK",
      "_type": "tfe_organization_has_user",
      "displayName": "HAS",
      "status": "active",
    },
    Object {
      "_class": "HAS",
      "_fromEntityKey": "org-yMai1ZUhS39WMAU9",
      "_key": "org-yMai1ZUhS39WMAU9|has|user-qZQNfnC19eG6Ameo",
      "_toEntityKey": "user-qZQNfnC19eG6Ameo",
      "_type": "tfe_organization_has_user",
      "displayName": "HAS",
      "status": "active",
    },
  ],
  "encounteredTypes": Array [
    "tfe_user",
    "tfe_organization_has_user",
  ],
  "numCollectedEntities": 4,
  "numCollectedRelationships": 6,
}
`;

exports[`#fetchOrganizations should collect data: jobState 1`] = `
Object {
  "collectedEntities": Array [
    Object {
      "_class": Array [
        "Account",
        "Organization",
      ],
      "_key": "org-Ljx2Ap3vszNhHWWv",
      "_rawData": Array [
        Object {
          "name": "default",
          "rawData": Object {
            "collaboratorAuthPolicy": "password",
            "costEstimationEnabled": false,
            "createdAt": "2021-03-28T12:46:34.199Z",
            "email": "austin.kelleher@jupiterone.com",
            "externalId": "org-Ljx2Ap3vszNhHWWv",
            "fairRunQueuingEnabled": true,
            "name": "austin-test-org",
            "ownersTeamSamlRoleId": null,
            "permissions": Object {
              "canAccessViaTeams": true,
              "canCreateModule": true,
              "canCreateProvider": false,
              "canCreateTeam": false,
              "canCreateWorkspace": true,
              "canDestroy": true,
              "canManagePublicModules": true,
              "canManagePublicProviders": false,
              "canManageSso": false,
              "canManageSubscription": true,
              "canManageTags": true,
              "canManageUsers": true,
              "canStartTrial": true,
              "canTraverse": true,
              "canUpdate": true,
              "canUpdateAgentPools": false,
              "canUpdateApiToken": true,
              "canUpdateOauth": true,
              "canUpdateSentinel": false,
              "canUpdateSshKeys": true,
            },
            "planExpired": false,
            "planExpiresAt": null,
            "planIsEnterprise": false,
            "planIsTrial": false,
            "samlEnabled": false,
            "sessionRemember": null,
            "sessionTimeout": null,
            "twoFactorConformant": false,
          },
        },
      ],
      "_type": "tfe_organization",
      "collaboratorAuthPolicy": "password",
      "costEstimationEnabled": false,
      "createdOn": 1616935594199,
      "displayName": "austin-test-org",
      "email": "austin.kelleher@jupiterone.com",
      "fairRunQueuingEnabled": true,
      "id": "org-Ljx2Ap3vszNhHWWv",
      "mfaEnabled": false,
      "name": "austin-test-org",
      "ownersTeamSamlRoleId": null,
      "permissions.canAccessViaTeams": true,
      "permissions.canCreateModule": true,
      "permissions.canCreateProvider": false,
      "permissions.canCreateTeam": false,
      "permissions.canCreateWorkspace": true,
      "permissions.canDestroy": true,
      "permissions.canManagePublicModules": true,
      "permissions.canManagePublicProviders": false,
      "permissions.canManageSso": false,
      "permissions.canManageSubscription": true,
      "permissions.canManageTags": true,
      "permissions.canManageUsers": true,
      "permissions.canStartTrial": true,
      "permissions.canTraverse": true,
      "permissions.canUpdate": true,
      "permissions.canUpdateAgentPools": false,
      "permissions.canUpdateApiToken": true,
      "permissions.canUpdateOauth": true,
      "permissions.canUpdateSentinel": false,
      "permissions.canUpdateSshKeys": true,
      "planExpired": false,
      "planExpiresAt": undefined,
      "planIsEnterprise": false,
      "planIsTrial": false,
      "samlEnabled": false,
      "sessionRemember": null,
      "sessionTimeout": null,
      "webLink": "https://app.terraform.io/app/austin-test-org/workspaces",
    },
    Object {
      "_class": Array [
        "Account",
        "Organization",
      ],
      "_key": "org-X2NET8eXZP36vxN7",
      "_rawData": Array [
        Object {
          "name": "default",
          "rawData": Object {
            "collaboratorAuthPolicy": "password",
            "costEstimationEnabled": false,
            "createdAt": "2021-07-18T12:37:48.821Z",
            "email": "austin.kelleher@jupiterone.com",
            "externalId": "org-X2NET8eXZP36vxN7",
            "fairRunQueuingEnabled": true,
            "name": "austin-test-org-v2",
            "ownersTeamSamlRoleId": null,
            "permissions": Object {
              "canAccessViaTeams": true,
              "canCreateModule": true,
              "canCreateProvider": false,
              "canCreateTeam": false,
              "canCreateWorkspace": true,
              "canDestroy": true,
              "canManagePublicModules": true,
              "canManagePublicProviders": false,
              "canManageSso": false,
              "canManageSubscription": true,
              "canManageTags": true,
              "canManageUsers": true,
              "canStartTrial": true,
              "canTraverse": true,
              "canUpdate": true,
              "canUpdateAgentPools": false,
              "canUpdateApiToken": true,
              "canUpdateOauth": true,
              "canUpdateSentinel": false,
              "canUpdateSshKeys": true,
            },
            "planExpired": false,
            "planExpiresAt": null,
            "planIsEnterprise": false,
            "planIsTrial": false,
            "samlEnabled": false,
            "sessionRemember": null,
            "sessionTimeout": null,
            "twoFactorConformant": false,
          },
        },
      ],
      "_type": "tfe_organization",
      "collaboratorAuthPolicy": "password",
      "costEstimationEnabled": false,
      "createdOn": 1626611868821,
      "displayName": "austin-test-org-v2",
      "email": "austin.kelleher@jupiterone.com",
      "fairRunQueuingEnabled": true,
      "id": "org-X2NET8eXZP36vxN7",
      "mfaEnabled": false,
      "name": "austin-test-org-v2",
      "ownersTeamSamlRoleId": null,
      "permissions.canAccessViaTeams": true,
      "permissions.canCreateModule": true,
      "permissions.canCreateProvider": false,
      "permissions.canCreateTeam": false,
      "permissions.canCreateWorkspace": true,
      "permissions.canDestroy": true,
      "permissions.canManagePublicModules": true,
      "permissions.canManagePublicProviders": false,
      "permissions.canManageSso": false,
      "permissions.canManageSubscription": true,
      "permissions.canManageTags": true,
      "permissions.canManageUsers": true,
      "permissions.canStartTrial": true,
      "permissions.canTraverse": true,
      "permissions.canUpdate": true,
      "permissions.canUpdateAgentPools": false,
      "permissions.canUpdateApiToken": true,
      "permissions.canUpdateOauth": true,
      "permissions.canUpdateSentinel": false,
      "permissions.canUpdateSshKeys": true,
      "planExpired": false,
      "planExpiresAt": undefined,
      "planIsEnterprise": false,
      "planIsTrial": false,
      "samlEnabled": false,
      "sessionRemember": null,
      "sessionTimeout": null,
      "webLink": "https://app.terraform.io/app/austin-test-org-v2/workspaces",
    },
    Object {
      "_class": Array [
        "Account",
        "Organization",
      ],
      "_key": "org-yMai1ZUhS39WMAU9",
      "_rawData": Array [
        Object {
          "name": "default",
          "rawData": Object {
            "collaboratorAuthPolicy": "password",
            "costEstimationEnabled": false,
            "createdAt": "2021-02-17T21:24:28.929Z",
            "email": "austin.kelleher@jupiterone.com",
            "externalId": "org-yMai1ZUhS39WMAU9",
            "fairRunQueuingEnabled": true,
            "name": "jupiterone",
            "ownersTeamSamlRoleId": null,
            "permissions": Object {
              "canAccessViaTeams": true,
              "canCreateModule": true,
              "canCreateProvider": false,
              "canCreateTeam": false,
              "canCreateWorkspace": true,
              "canDestroy": true,
              "canManagePublicModules": true,
              "canManagePublicProviders": false,
              "canManageSso": false,
              "canManageSubscription": true,
              "canManageTags": true,
              "canManageUsers": true,
              "canStartTrial": true,
              "canTraverse": true,
              "canUpdate": true,
              "canUpdateAgentPools": false,
              "canUpdateApiToken": true,
              "canUpdateOauth": true,
              "canUpdateSentinel": false,
              "canUpdateSshKeys": true,
            },
            "planExpired": false,
            "planExpiresAt": null,
            "planIsEnterprise": false,
            "planIsTrial": false,
            "samlEnabled": false,
            "sessionRemember": null,
            "sessionTimeout": null,
            "twoFactorConformant": false,
          },
        },
      ],
      "_type": "tfe_organization",
      "collaboratorAuthPolicy": "password",
      "costEstimationEnabled": false,
      "createdOn": 1613597068929,
      "displayName": "jupiterone",
      "email": "austin.kelleher@jupiterone.com",
      "fairRunQueuingEnabled": true,
      "id": "org-yMai1ZUhS39WMAU9",
      "mfaEnabled": false,
      "name": "jupiterone",
      "ownersTeamSamlRoleId": null,
      "permissions.canAccessViaTeams": true,
      "permissions.canCreateModule": true,
      "permissions.canCreateProvider": false,
      "permissions.canCreateTeam": false,
      "permissions.canCreateWorkspace": true,
      "permissions.canDestroy": true,
      "permissions.canManagePublicModules": true,
      "permissions.canManagePublicProviders": false,
      "permissions.canManageSso": false,
      "permissions.canManageSubscription": true,
      "permissions.canManageTags": true,
      "permissions.canManageUsers": true,
      "permissions.canStartTrial": true,
      "permissions.canTraverse": true,
      "permissions.canUpdate": true,
      "permissions.canUpdateAgentPools": false,
      "permissions.canUpdateApiToken": true,
      "permissions.canUpdateOauth": true,
      "permissions.canUpdateSentinel": false,
      "permissions.canUpdateSshKeys": true,
      "planExpired": false,
      "planExpiresAt": undefined,
      "planIsEnterprise": false,
      "planIsTrial": false,
      "samlEnabled": false,
      "sessionRemember": null,
      "sessionTimeout": null,
      "webLink": "https://app.terraform.io/app/jupiterone/workspaces",
    },
  ],
  "collectedRelationships": Array [],
  "encounteredTypes": Array [
    "tfe_organization",
  ],
  "numCollectedEntities": 3,
  "numCollectedRelationships": 0,
}
`;
