// Jest Snapshot v1, https://goo.gl/fbAQLP

exports[`#parseRunApply should parse "resource-added" log output 1`] = `
Array [
  Object {
    "@level": "info",
    "@message": "Terraform 1.0.2",
    "@module": "terraform.ui",
    "@timestamp": "2021-07-22T13:15:29.223761Z",
    "terraform": "1.0.2",
    "type": "version",
    "ui": "0.1.0",
  },
  Object {
    "@level": "info",
    "@message": "google_storage_bucket.sink-log-bucket: Plan to create",
    "@module": "terraform.ui",
    "@timestamp": "2021-07-22T13:15:30.355716Z",
    "change": Object {
      "action": "create",
      "resource": Object {
        "addr": "google_storage_bucket.sink-log-bucket",
        "implied_provider": "google",
        "module": "",
        "resource": "google_storage_bucket.sink-log-bucket",
        "resource_key": null,
        "resource_name": "sink-log-bucket",
        "resource_type": "google_storage_bucket",
      },
    },
    "type": "planned_change",
  },
  Object {
    "@level": "info",
    "@message": "google_storage_bucket.sink-log-bucket: Creating...",
    "@module": "terraform.ui",
    "@timestamp": "2021-07-22T13:15:30.898372Z",
    "hook": Object {
      "action": "create",
      "resource": Object {
        "addr": "google_storage_bucket.sink-log-bucket",
        "implied_provider": "google",
        "module": "",
        "resource": "google_storage_bucket.sink-log-bucket",
        "resource_key": null,
        "resource_name": "sink-log-bucket",
        "resource_type": "google_storage_bucket",
      },
    },
    "type": "apply_start",
  },
  Object {
    "@level": "info",
    "@message": "google_storage_bucket.sink-log-bucket: Creation complete after 1s [id=j1-gc-integration-dev-v3-test-tf-bucket]",
    "@module": "terraform.ui",
    "@timestamp": "2021-07-22T13:15:31.754196Z",
    "hook": Object {
      "action": "create",
      "elapsed_seconds": 1,
      "id_key": "id",
      "id_value": "j1-gc-integration-dev-v3-test-tf-bucket",
      "resource": Object {
        "addr": "google_storage_bucket.sink-log-bucket",
        "implied_provider": "google",
        "module": "",
        "resource": "google_storage_bucket.sink-log-bucket",
        "resource_key": null,
        "resource_name": "sink-log-bucket",
        "resource_type": "google_storage_bucket",
      },
    },
    "type": "apply_complete",
  },
  Object {
    "@level": "info",
    "@message": "Apply complete! Resources: 1 added, 0 changed, 0 destroyed.",
    "@module": "terraform.ui",
    "@timestamp": "2021-07-22T13:15:32.063540Z",
    "changes": Object {
      "add": 1,
      "change": 0,
      "operation": "apply",
      "remove": 0,
    },
    "type": "change_summary",
  },
  Object {
    "@level": "info",
    "@message": "Outputs: 0",
    "@module": "terraform.ui",
    "@timestamp": "2021-07-22T13:15:32.063645Z",
    "outputs": Object {},
    "type": "outputs",
  },
]
`;
